RBC_RELEASE_BRANCH_COMMIT=2ccb9ffe394b9f89fef1bdf9fb772bf6c6229db5
ODH_OPERATOR_BUNDLE_GIT_COMMIT=2c5abfab5311be336be436e9b978fbef0239175f
ODH_OPERATOR_BUNDLE_GIT_URL=https://github.com/red-hat-data-services/RHOAI-Build-Config
ODH_BUILT_IN_DETECTOR_GIT_COMMIT=dd5f4bad73ab557c3531ea9afe5e2930f1190726
ODH_BUILT_IN_DETECTOR_GIT_URL=https://github.com/red-hat-data-services/guardrails-detectors
ODH_DASHBOARD_GIT_COMMIT=c800ac1ea7c54417e92049bc82119e80a398cbb0
ODH_DASHBOARD_GIT_URL=https://github.com/red-hat-data-services/odh-dashboard
ODH_DATA_SCIENCE_PIPELINES_ARGO_ARGOEXEC_GIT_COMMIT=9f3684b723fd3ff826d6f1e824d37a96f656005d
ODH_DATA_SCIENCE_PIPELINES_ARGO_ARGOEXEC_GIT_URL=https://github.com/red-hat-data-services/argo-workflows
ODH_DATA_SCIENCE_PIPELINES_ARGO_WORKFLOWCONTROLLER_GIT_COMMIT=9f3684b723fd3ff826d6f1e824d37a96f656005d
ODH_DATA_SCIENCE_PIPELINES_ARGO_WORKFLOWCONTROLLER_GIT_URL=https://github.com/red-hat-data-services/argo-workflows
ODH_DATA_SCIENCE_PIPELINES_OPERATOR_CONTROLLER_GIT_COMMIT=0512e1536fe9283055ffcd2569a0e94ce2bcc485
ODH_DATA_SCIENCE_PIPELINES_OPERATOR_CONTROLLER_GIT_URL=https://github.com/red-hat-data-services/data-science-pipelines-operator
ODH_EVAL_HUB_GIT_COMMIT=389abdc9d62004db4d8aea545bac9146d88e6af3
ODH_EVAL_HUB_GIT_URL=https://github.com/red-hat-data-services/eval-hub
ODH_FEAST_OPERATOR_GIT_COMMIT=4b29992fa690e120b1f8dbc4e2564c11efdfb0a0
ODH_FEAST_OPERATOR_GIT_URL=https://github.com/red-hat-data-services/feast
ODH_FEATURE_SERVER_GIT_COMMIT=4b29992fa690e120b1f8dbc4e2564c11efdfb0a0
ODH_FEATURE_SERVER_GIT_URL=https://github.com/red-hat-data-services/feast
ODH_FMS_GUARDRAILS_ORCHESTRATOR_GIT_COMMIT=2991054a53e6687b9b09391b47180ba2b31f7f3d
ODH_FMS_GUARDRAILS_ORCHESTRATOR_GIT_URL=https://github.com/red-hat-data-services/fms-guardrails-orchestrator
ODH_GUARDRAILS_DETECTOR_HUGGINGFACE_RUNTIME_GIT_COMMIT=dd5f4bad73ab557c3531ea9afe5e2930f1190726
ODH_GUARDRAILS_DETECTOR_HUGGINGFACE_RUNTIME_GIT_URL=https://github.com/red-hat-data-services/guardrails-detectors
ODH_KF_NOTEBOOK_CONTROLLER_GIT_COMMIT=1e31e5c27516921c2518391f4bc3e466bbca37c3
ODH_KF_NOTEBOOK_CONTROLLER_GIT_URL=https://github.com/red-hat-data-services/kubeflow
ODH_KSERVE_AGENT_GIT_COMMIT=fee4a6aff5a4044b4ca95dd8e47bb11a91a69dfb
ODH_KSERVE_AGENT_GIT_URL=https://github.com/red-hat-data-services/kserve
ODH_KSERVE_CONTROLLER_GIT_COMMIT=fee4a6aff5a4044b4ca95dd8e47bb11a91a69dfb
ODH_KSERVE_CONTROLLER_GIT_URL=https://github.com/red-hat-data-services/kserve
ODH_KSERVE_ROUTER_GIT_COMMIT=fee4a6aff5a4044b4ca95dd8e47bb11a91a69dfb
ODH_KSERVE_ROUTER_GIT_URL=https://github.com/red-hat-data-services/kserve
ODH_KSERVE_STORAGE_INITIALIZER_GIT_COMMIT=e619d78882c59aa70784a1fff613eda6c73e141d
ODH_KSERVE_STORAGE_INITIALIZER_GIT_URL=https://github.com/red-hat-data-services/kserve
ODH_KUBE_AUTH_PROXY_GIT_COMMIT=05a4fb069a887e2113bfe40f0341af485be7a9b9
ODH_KUBE_AUTH_PROXY_GIT_URL=https://github.com/red-hat-data-services/kube-auth-proxy
ODH_KUBERAY_OPERATOR_CONTROLLER_GIT_COMMIT=610ccff7b8dd7cb005cfeb791763186e8e158a18
ODH_KUBERAY_OPERATOR_CONTROLLER_GIT_URL=https://github.com/red-hat-data-services/kuberay
ODH_LLAMA_STACK_CORE_GIT_COMMIT=20daf4b7a56b95e6eca18d8de4a3931d2f316662
ODH_LLAMA_STACK_CORE_GIT_URL=https://github.com/red-hat-data-services/llama-stack-distribution
ODH_LLAMA_STACK_K8S_OPERATOR_GIT_COMMIT=ec54459a568ac30376dff66e4652ee3e028ee051
ODH_LLAMA_STACK_K8S_OPERATOR_GIT_URL=https://github.com/red-hat-data-services/llama-stack-k8s-operator
ODH_LLM_D_INFERENCE_SCHEDULER_GIT_COMMIT=7d6bbdd8398c402007a93148af43ab9053b17d15
ODH_LLM_D_INFERENCE_SCHEDULER_GIT_URL=https://github.com/red-hat-data-services/llm-d-inference-scheduler
ODH_LLM_D_ROUTING_SIDECAR_GIT_COMMIT=d0f76afa863e028b4bf632f213392af52c66e37e
ODH_LLM_D_ROUTING_SIDECAR_GIT_URL=https://github.com/red-hat-data-services/llm-d-inference-scheduler
ODH_MAAS_API_GIT_COMMIT=fb083d8b5792cec6843142c048ee4762ff2f096c
ODH_MAAS_API_GIT_URL=https://github.com/red-hat-data-services/models-as-a-service
ODH_ML_PIPELINES_API_SERVER_V2_GIT_COMMIT=211f5bac8cf4029f904c49f17f108699b42ac967
ODH_ML_PIPELINES_API_SERVER_V2_GIT_URL=https://github.com/red-hat-data-services/data-science-pipelines
ODH_ML_PIPELINES_DRIVER_GIT_COMMIT=fd05213b462a5f6092d72f24d0c89daaadec049a
ODH_ML_PIPELINES_DRIVER_GIT_URL=https://github.com/red-hat-data-services/data-science-pipelines
ODH_ML_PIPELINES_LAUNCHER_GIT_COMMIT=fd05213b462a5f6092d72f24d0c89daaadec049a
ODH_ML_PIPELINES_LAUNCHER_GIT_URL=https://github.com/red-hat-data-services/data-science-pipelines
ODH_ML_PIPELINES_PERSISTENCEAGENT_V2_GIT_COMMIT=fd05213b462a5f6092d72f24d0c89daaadec049a
ODH_ML_PIPELINES_PERSISTENCEAGENT_V2_GIT_URL=https://github.com/red-hat-data-services/data-science-pipelines
ODH_ML_PIPELINES_SCHEDULEDWORKFLOW_V2_GIT_COMMIT=fd05213b462a5f6092d72f24d0c89daaadec049a
ODH_ML_PIPELINES_SCHEDULEDWORKFLOW_V2_GIT_URL=https://github.com/red-hat-data-services/data-science-pipelines
ODH_MLFLOW_GIT_COMMIT=3862f8ccd22430e5e0f61ed15360bb27c432e7b3
ODH_MLFLOW_GIT_URL=https://github.com/red-hat-data-services/mlflow
ODH_MLMD_GRPC_SERVER_GIT_COMMIT=8958b6761e20509e46ea1356c9bdaac84d9ccc4f
ODH_MLMD_GRPC_SERVER_GIT_URL=https://github.com/red-hat-data-services/ml-metadata
ODH_MLSERVER_GIT_COMMIT=33c920a10279d316d668ded411a290fb5d7a0353
ODH_MLSERVER_GIT_URL=https://github.com/red-hat-data-services/MLServer
ODH_MOD_ARCH_GEN_AI_GIT_COMMIT=c800ac1ea7c54417e92049bc82119e80a398cbb0
ODH_MOD_ARCH_GEN_AI_GIT_URL=https://github.com/red-hat-data-services/odh-dashboard
ODH_MOD_ARCH_MAAS_GIT_COMMIT=c800ac1ea7c54417e92049bc82119e80a398cbb0
ODH_MOD_ARCH_MAAS_GIT_URL=https://github.com/red-hat-data-services/odh-dashboard
ODH_MOD_ARCH_MODEL_REGISTRY_GIT_COMMIT=72e12882873b79909d8af049744efec927fe5e09
ODH_MOD_ARCH_MODEL_REGISTRY_GIT_URL=https://github.com/red-hat-data-services/odh-dashboard
ODH_MODEL_CONTROLLER_GIT_COMMIT=8e60363b8a01498de504513440bcaa7f15517bc8
ODH_MODEL_CONTROLLER_GIT_URL=https://github.com/red-hat-data-services/odh-model-controller
ODH_MODEL_METADATA_COLLECTION_GIT_COMMIT=200d3a3537f35cf65e9eb051a99b24c889647e1a
ODH_MODEL_METADATA_COLLECTION_GIT_URL=https://github.com/red-hat-data-services/model-metadata-collection
ODH_MODEL_PERFORMANCE_DATA_GIT_COMMIT=82056e98507e7b0326e8807bab7799650de90854
ODH_MODEL_PERFORMANCE_DATA_GIT_URL=https://github.com/red-hat-data-services/models-perf-benchmark-data
ODH_MODEL_REGISTRY_JOB_ASYNC_UPLOAD_GIT_COMMIT=37b8d667215270d58375b2ef099f5d033aa47224
ODH_MODEL_REGISTRY_JOB_ASYNC_UPLOAD_GIT_URL=https://github.com/red-hat-data-services/model-registry
ODH_MODEL_REGISTRY_OPERATOR_GIT_COMMIT=276152bc02277ffd3ae6d147d624ef14a1d8030c
ODH_MODEL_REGISTRY_OPERATOR_GIT_URL=https://github.com/red-hat-data-services/model-registry-operator
ODH_MODEL_REGISTRY_GIT_COMMIT=0e4d0973cb30b7312a02e6aea7dd2d873399e1cb
ODH_MODEL_REGISTRY_GIT_URL=https://github.com/red-hat-data-services/model-registry
ODH_MUST_GATHER_GIT_COMMIT=17a2904ae2a158018a3321e3f293fed8c6bdbccc
ODH_MUST_GATHER_GIT_URL=https://github.com/red-hat-data-services/must-gather
ODH_NOTEBOOK_CONTROLLER_GIT_COMMIT=1e31e5c27516921c2518391f4bc3e466bbca37c3
ODH_NOTEBOOK_CONTROLLER_GIT_URL=https://github.com/red-hat-data-services/kubeflow
ODH_OPENVINO_MODEL_SERVER_GIT_COMMIT=70a7f44ab5521d025cacb23a87e4b6b7478cf9f7
ODH_OPENVINO_MODEL_SERVER_GIT_URL=https://github.com/red-hat-data-services/openvino_model_server
ODH_OPERATOR_GIT_COMMIT=31e31c8409145d6e54c44c738acb7aec8fde1f3c
ODH_OPERATOR_GIT_URL=https://github.com/red-hat-data-services/rhods-operator
ODH_PIPELINE_RUNTIME_DATASCIENCE_CPU_PY312_GIT_COMMIT=4156b881fdd14a798a0101b2aa9a2260332bd659
ODH_PIPELINE_RUNTIME_DATASCIENCE_CPU_PY312_GIT_URL=https://github.com/red-hat-data-services/notebooks
ODH_PIPELINE_RUNTIME_MINIMAL_CPU_PY312_GIT_COMMIT=4156b881fdd14a798a0101b2aa9a2260332bd659
ODH_PIPELINE_RUNTIME_MINIMAL_CPU_PY312_GIT_URL=https://github.com/red-hat-data-services/notebooks
ODH_PIPELINE_RUNTIME_PYTORCH_CUDA_PY312_GIT_COMMIT=4156b881fdd14a798a0101b2aa9a2260332bd659
ODH_PIPELINE_RUNTIME_PYTORCH_CUDA_PY312_GIT_URL=https://github.com/red-hat-data-services/notebooks
ODH_PIPELINE_RUNTIME_PYTORCH_LLMCOMPRESSOR_CUDA_PY312_GIT_COMMIT=4156b881fdd14a798a0101b2aa9a2260332bd659
ODH_PIPELINE_RUNTIME_PYTORCH_LLMCOMPRESSOR_CUDA_PY312_GIT_URL=https://github.com/red-hat-data-services/notebooks
ODH_PIPELINE_RUNTIME_PYTORCH_ROCM_PY312_GIT_COMMIT=4156b881fdd14a798a0101b2aa9a2260332bd659
ODH_PIPELINE_RUNTIME_PYTORCH_ROCM_PY312_GIT_URL=https://github.com/red-hat-data-services/notebooks
ODH_PIPELINE_RUNTIME_TENSORFLOW_CUDA_PY312_GIT_COMMIT=141ded8368a4cd32219adcbfdc921d128bb55e14
ODH_PIPELINE_RUNTIME_TENSORFLOW_CUDA_PY312_GIT_URL=https://github.com/red-hat-data-services/notebooks
ODH_PIPELINE_RUNTIME_TENSORFLOW_ROCM_PY312_GIT_COMMIT=141ded8368a4cd32219adcbfdc921d128bb55e14
ODH_PIPELINE_RUNTIME_TENSORFLOW_ROCM_PY312_GIT_URL=https://github.com/red-hat-data-services/notebooks
ODH_RHEL9_OPERATOR_GIT_COMMIT=31e31c8409145d6e54c44c738acb7aec8fde1f3c
ODH_RHEL9_OPERATOR_GIT_URL=https://github.com/red-hat-data-services/rhods-operator
ODH_SPARK_OPERATOR_GIT_COMMIT=3a883cf76be0af079f1b3824cb0d415e564c576a
ODH_SPARK_OPERATOR_GIT_URL=https://github.com/red-hat-data-services/spark-operator
ODH_TA_LMES_DRIVER_GIT_COMMIT=356a84033b6b13148c2c967615f1d1ccf358fb39
ODH_TA_LMES_DRIVER_GIT_URL=https://github.com/red-hat-data-services/trustyai-service-operator
ODH_TA_LMES_JOB_GIT_COMMIT=66cdc31f5e8fc40e8d46e54cb0cbe02677bae03c
ODH_TA_LMES_JOB_GIT_URL=https://github.com/red-hat-data-services/lm-evaluation-harness
ODH_TRAINER_GIT_COMMIT=a917705900a5c9506e16724fb21b21d64a924a1b
ODH_TRAINER_GIT_URL=https://github.com/red-hat-data-services/trainer
ODH_TRAINING_CUDA121_TORCH24_PY311_GIT_COMMIT=c7552c939b1d271da3a081c6f7b1287ee0a4972f
ODH_TRAINING_CUDA121_TORCH24_PY311_GIT_URL=https://github.com/red-hat-data-services/distributed-workloads
ODH_TRAINING_CUDA124_TORCH25_PY311_GIT_COMMIT=c7552c939b1d271da3a081c6f7b1287ee0a4972f
ODH_TRAINING_CUDA124_TORCH25_PY311_GIT_URL=https://github.com/red-hat-data-services/distributed-workloads
ODH_TRAINING_CUDA128_TORCH28_PY312_GIT_COMMIT=c992f2a8f30374d23183e9f0d67d7dcf68898202
ODH_TRAINING_CUDA128_TORCH28_PY312_GIT_URL=https://github.com/red-hat-data-services/distributed-workloads
ODH_TRAINING_CUDA128_TORCH29_PY312_GIT_COMMIT=c992f2a8f30374d23183e9f0d67d7dcf68898202
ODH_TRAINING_CUDA128_TORCH29_PY312_GIT_URL=https://github.com/red-hat-data-services/distributed-workloads
ODH_TRAINING_OPERATOR_GIT_COMMIT=838dfd98d7cf62881c714fedefc38660acc2fd23
ODH_TRAINING_OPERATOR_GIT_URL=https://github.com/red-hat-data-services/training-operator
ODH_TRAINING_ROCM62_TORCH24_PY311_GIT_COMMIT=c992f2a8f30374d23183e9f0d67d7dcf68898202
ODH_TRAINING_ROCM62_TORCH24_PY311_GIT_URL=https://github.com/red-hat-data-services/distributed-workloads
ODH_TRAINING_ROCM62_TORCH25_PY311_GIT_COMMIT=c992f2a8f30374d23183e9f0d67d7dcf68898202
ODH_TRAINING_ROCM62_TORCH25_PY311_GIT_URL=https://github.com/red-hat-data-services/distributed-workloads
ODH_TRAINING_ROCM64_TORCH28_PY312_GIT_COMMIT=c992f2a8f30374d23183e9f0d67d7dcf68898202
ODH_TRAINING_ROCM64_TORCH28_PY312_GIT_URL=https://github.com/red-hat-data-services/distributed-workloads
ODH_TRAINING_ROCM64_TORCH29_PY312_GIT_COMMIT=c992f2a8f30374d23183e9f0d67d7dcf68898202
ODH_TRAINING_ROCM64_TORCH29_PY312_GIT_URL=https://github.com/red-hat-data-services/distributed-workloads
ODH_TRUSTYAI_GARAK_LLS_PROVIDER_DSP_GIT_COMMIT=4e5e2b3615e28023e3a12a434a1a86ebbddcc43a
ODH_TRUSTYAI_GARAK_LLS_PROVIDER_DSP_GIT_URL=https://github.com/red-hat-data-services/llama-stack-provider-trustyai-garak
ODH_TRUSTYAI_SERVICE_OPERATOR_GIT_COMMIT=356a84033b6b13148c2c967615f1d1ccf358fb39
ODH_TRUSTYAI_SERVICE_OPERATOR_GIT_URL=https://github.com/red-hat-data-services/trustyai-service-operator
ODH_TRUSTYAI_SERVICE_GIT_COMMIT=92e75f39e4e1122b353e5502029e3637c70e29a3
ODH_TRUSTYAI_SERVICE_GIT_URL=https://github.com/red-hat-data-services/trustyai-explainability
ODH_TRUSTYAI_VLLM_ORCHESTRATOR_GATEWAY_GIT_COMMIT=ab7e57ce3ae4c26f287b389f84460bd1f69a3c0c
ODH_TRUSTYAI_VLLM_ORCHESTRATOR_GATEWAY_GIT_URL=https://github.com/red-hat-data-services/vllm-orchestrator-gateway
ODH_VLLM_CPU_GIT_COMMIT=3c1c14701e4fb12d023cdb891aaefc456316f94f
ODH_VLLM_CPU_GIT_URL=https://github.com/red-hat-data-services/vllm-cpu
ODH_VLLM_GAUDI_GIT_COMMIT=d922723d52e26065b3711ac11bd390b213097cb0
ODH_VLLM_GAUDI_GIT_URL=https://github.com/red-hat-data-services/vllm-gaudi
ODH_WORKBENCH_CODESERVER_DATASCIENCE_CPU_PY312_GIT_COMMIT=141ded8368a4cd32219adcbfdc921d128bb55e14
ODH_WORKBENCH_CODESERVER_DATASCIENCE_CPU_PY312_GIT_URL=https://github.com/red-hat-data-services/notebooks
ODH_WORKBENCH_JUPYTER_DATASCIENCE_CPU_PY312_GIT_COMMIT=4156b881fdd14a798a0101b2aa9a2260332bd659
ODH_WORKBENCH_JUPYTER_DATASCIENCE_CPU_PY312_GIT_URL=https://github.com/red-hat-data-services/notebooks
ODH_WORKBENCH_JUPYTER_MINIMAL_CPU_PY312_GIT_COMMIT=326341cb3420fe9b04bfaa6a54c39de855b13898
ODH_WORKBENCH_JUPYTER_MINIMAL_CPU_PY312_GIT_URL=https://github.com/red-hat-data-services/notebooks
ODH_WORKBENCH_JUPYTER_MINIMAL_CUDA_PY312_GIT_COMMIT=4156b881fdd14a798a0101b2aa9a2260332bd659
ODH_WORKBENCH_JUPYTER_MINIMAL_CUDA_PY312_GIT_URL=https://github.com/red-hat-data-services/notebooks
ODH_WORKBENCH_JUPYTER_MINIMAL_ROCM_PY312_GIT_COMMIT=4156b881fdd14a798a0101b2aa9a2260332bd659
ODH_WORKBENCH_JUPYTER_MINIMAL_ROCM_PY312_GIT_URL=https://github.com/red-hat-data-services/notebooks
ODH_WORKBENCH_JUPYTER_PYTORCH_CUDA_PY312_GIT_COMMIT=4156b881fdd14a798a0101b2aa9a2260332bd659
ODH_WORKBENCH_JUPYTER_PYTORCH_CUDA_PY312_GIT_URL=https://github.com/red-hat-data-services/notebooks
ODH_WORKBENCH_JUPYTER_PYTORCH_LLMCOMPRESSOR_CUDA_PY312_GIT_COMMIT=bd12453c5654fe795a09db9c14eb4f134d779abd
ODH_WORKBENCH_JUPYTER_PYTORCH_LLMCOMPRESSOR_CUDA_PY312_GIT_URL=https://github.com/red-hat-data-services/notebooks
ODH_WORKBENCH_JUPYTER_PYTORCH_ROCM_PY312_GIT_COMMIT=4156b881fdd14a798a0101b2aa9a2260332bd659
ODH_WORKBENCH_JUPYTER_PYTORCH_ROCM_PY312_GIT_URL=https://github.com/red-hat-data-services/notebooks
ODH_WORKBENCH_JUPYTER_TENSORFLOW_CUDA_PY312_GIT_COMMIT=141ded8368a4cd32219adcbfdc921d128bb55e14
ODH_WORKBENCH_JUPYTER_TENSORFLOW_CUDA_PY312_GIT_URL=https://github.com/red-hat-data-services/notebooks
ODH_WORKBENCH_JUPYTER_TENSORFLOW_ROCM_PY312_GIT_COMMIT=8fcc435e5622a24ad9eba791a5aaa6a0a6dd4f61
ODH_WORKBENCH_JUPYTER_TENSORFLOW_ROCM_PY312_GIT_URL=https://github.com/red-hat-data-services/notebooks
ODH_WORKBENCH_JUPYTER_TRUSTYAI_CPU_PY312_GIT_COMMIT=e4e4a7164b2314a86c24a1bf5cdad41b57d7c3ba
ODH_WORKBENCH_JUPYTER_TRUSTYAI_CPU_PY312_GIT_URL=https://github.com/red-hat-data-services/notebooks
