RBC_RELEASE_BRANCH_COMMIT=408177368e4825f38412458ac03fdfe4d9a368fb
ODH_OPERATOR_BUNDLE_GIT_COMMIT=8f97cfde6040ffd44a202fa9f242bf1c14923926
ODH_OPERATOR_BUNDLE_GIT_URL=https://github.com/red-hat-data-services/RHOAI-Build-Config
ODH_DASHBOARD_GIT_COMMIT=faca2f708ad7837cff29ee13f1f64a771bb6ffe6
ODH_DASHBOARD_GIT_URL=https://github.com/red-hat-data-services/odh-dashboard
ODH_DATA_SCIENCE_PIPELINES_ARGO_ARGOEXEC_GIT_COMMIT=d38ec8c017b1aa922472f1cf1d9909d2f641e78d
ODH_DATA_SCIENCE_PIPELINES_ARGO_ARGOEXEC_GIT_URL=https://github.com/red-hat-data-services/argo-workflows
ODH_DATA_SCIENCE_PIPELINES_ARGO_WORKFLOWCONTROLLER_GIT_COMMIT=d38ec8c017b1aa922472f1cf1d9909d2f641e78d
ODH_DATA_SCIENCE_PIPELINES_ARGO_WORKFLOWCONTROLLER_GIT_URL=https://github.com/red-hat-data-services/argo-workflows
ODH_DATA_SCIENCE_PIPELINES_OPERATOR_CONTROLLER_GIT_COMMIT=21b4e5c02b2f5d17a5e9f6d1b4d38979175a3e05
ODH_DATA_SCIENCE_PIPELINES_OPERATOR_CONTROLLER_GIT_URL=https://github.com/red-hat-data-services/data-science-pipelines-operator
ODH_KF_NOTEBOOK_CONTROLLER_GIT_COMMIT=fae2bd87662d1f0d3c15a81686833e4ea27a74aa
ODH_KF_NOTEBOOK_CONTROLLER_GIT_URL=https://github.com/red-hat-data-services/kubeflow
ODH_KUBERAY_OPERATOR_CONTROLLER_GIT_COMMIT=fde70db72669f1a10dab9bdb29a35e7580924c8a
ODH_KUBERAY_OPERATOR_CONTROLLER_GIT_URL=https://github.com/red-hat-data-services/kuberay
ODH_ML_PIPELINES_API_SERVER_V2_GIT_COMMIT=09942663e746083054c31ef9fd5ad11aa22ee116
ODH_ML_PIPELINES_API_SERVER_V2_GIT_URL=https://github.com/red-hat-data-services/data-science-pipelines
ODH_ML_PIPELINES_DRIVER_GIT_COMMIT=09942663e746083054c31ef9fd5ad11aa22ee116
ODH_ML_PIPELINES_DRIVER_GIT_URL=https://github.com/red-hat-data-services/data-science-pipelines
ODH_ML_PIPELINES_LAUNCHER_GIT_COMMIT=09942663e746083054c31ef9fd5ad11aa22ee116
ODH_ML_PIPELINES_LAUNCHER_GIT_URL=https://github.com/red-hat-data-services/data-science-pipelines
ODH_ML_PIPELINES_PERSISTENCEAGENT_V2_GIT_COMMIT=09942663e746083054c31ef9fd5ad11aa22ee116
ODH_ML_PIPELINES_PERSISTENCEAGENT_V2_GIT_URL=https://github.com/red-hat-data-services/data-science-pipelines
ODH_ML_PIPELINES_SCHEDULEDWORKFLOW_V2_GIT_COMMIT=09942663e746083054c31ef9fd5ad11aa22ee116
ODH_ML_PIPELINES_SCHEDULEDWORKFLOW_V2_GIT_URL=https://github.com/red-hat-data-services/data-science-pipelines
ODH_MLMD_GRPC_SERVER_GIT_COMMIT=0e348aa36209beefd0814f83f8301bfaedbaeea7
ODH_MLMD_GRPC_SERVER_GIT_URL=https://github.com/red-hat-data-services/ml-metadata
ODH_MODEL_CONTROLLER_GIT_COMMIT=981e5e15519dcd6373e45f77332f3abe91a38197
ODH_MODEL_CONTROLLER_GIT_URL=https://github.com/red-hat-data-services/odh-model-controller
ODH_MODEL_REGISTRY_OPERATOR_GIT_COMMIT=f5f793e050eb7ece288a46ddaf5c3b10e2267f7e
ODH_MODEL_REGISTRY_OPERATOR_GIT_URL=https://github.com/red-hat-data-services/model-registry-operator
ODH_MODEL_REGISTRY_GIT_COMMIT=8281b5de6e3ab9119651a0b12485bac1e7149723
ODH_MODEL_REGISTRY_GIT_URL=https://github.com/red-hat-data-services/model-registry
ODH_NOTEBOOK_CONTROLLER_GIT_COMMIT=fae2bd87662d1f0d3c15a81686833e4ea27a74aa
ODH_NOTEBOOK_CONTROLLER_GIT_URL=https://github.com/red-hat-data-services/kubeflow
ODH_RHEL9_OPERATOR_GIT_COMMIT=23e6562637df2ea2c7813cd3b7560d7b605bed1b
ODH_RHEL9_OPERATOR_GIT_URL=https://github.com/red-hat-data-services/rhods-operator
ODH_TRAINING_OPERATOR_GIT_COMMIT=533920e2531960a4a1a996b6669835aafe037c81
ODH_TRAINING_OPERATOR_GIT_URL=https://github.com/red-hat-data-services/training-operator
ODH_TRUSTYAI_SERVICE_OPERATOR_GIT_COMMIT=4f026a856e0892bdc7b3b73a30047d0fd98a76d4
ODH_TRUSTYAI_SERVICE_OPERATOR_GIT_URL=https://github.com/red-hat-data-services/trustyai-service-operator
ODH_TRUSTYAI_SERVICE_GIT_COMMIT=bee7f6ce1365cceab6852659251f36a73a191c27
ODH_TRUSTYAI_SERVICE_GIT_URL=https://github.com/red-hat-data-services/trustyai-explainability
